// Jest Snapshot v1, https://goo.gl/fbAQLP

exports[`PetSidebar component PetSidebar renders 1`] = `
<body>
  <div>
    <div
      class="ant-flex css-dev-only-do-not-override-1c0na6j ant-flex-align-stretch ant-flex-vertical"
    >
      <div
        class="ant-flex css-dev-only-do-not-override-1c0na6j"
      >
        <span>
          Ваши питомцы
        </span>
        <button
          type="button"
        />
      </div>
      <div>
        Loading...
      </div>
      <ul
        class="ant-menu ant-menu-root ant-menu-inline ant-menu-light css-dev-only-do-not-override-18dsc0v"
        data-menu-list="true"
        role="menu"
        tabindex="0"
      />
      <div
        aria-hidden="true"
        style="display: none;"
      />
    </div>
  </div>
</body>
`;
